\BOOKMARK [1][]{section.1}{Introduction}{}% 1
\BOOKMARK [2][]{subsection.1.1}{Restatement of problems}{section.1}% 2
\BOOKMARK [2][]{subsection.1.2}{Other Assumptions}{section.1}% 3
\BOOKMARK [1][]{section.2}{Analysis of the Problem}{}% 4
\BOOKMARK [2][]{subsection.2.1}{Question 1}{section.2}% 5
\BOOKMARK [2][]{subsection.2.2}{Question 2}{section.2}% 6
\BOOKMARK [2][]{subsection.2.3}{Question 3}{section.2}% 7
\BOOKMARK [3][]{subsubsection.2.3.1}{User friend number analysis}{subsection.2.3}% 8
\BOOKMARK [3][]{subsubsection.2.3.2}{User check-in times distribution}{subsection.2.3}% 9
\BOOKMARK [3][]{subsubsection.2.3.3}{User check-in location distribution}{subsection.2.3}% 10
\BOOKMARK [1][]{section.3}{Solution of the question 1}{}% 11
\BOOKMARK [2][]{subsection.3.1}{background information }{section.3}% 12
\BOOKMARK [2][]{subsection.3.2}{Network characteristics}{section.3}% 13
\BOOKMARK [3][]{subsubsection.3.2.1}{Sequential}{subsection.3.2}% 14
\BOOKMARK [3][]{subsubsection.3.2.2}{Measurability}{subsection.3.2}% 15
\BOOKMARK [2][]{subsection.3.3}{The structure of the Brightkite network }{section.3}% 16
\BOOKMARK [3][]{subsubsection.3.3.1}{By topology}{subsection.3.3}% 17
\BOOKMARK [3][]{subsubsection.3.3.2}{By geographical location }{subsection.3.3}% 18
\BOOKMARK [2][]{subsection.3.4}{Brightkite network features}{section.3}% 19
\BOOKMARK [1][]{section.4}{Solution of question 2}{}% 20
\BOOKMARK [2][]{subsection.4.1}{background information }{section.4}% 21
\BOOKMARK [2][]{subsection.4.2}{General }{section.4}% 22
\BOOKMARK [3][]{subsubsection.4.2.1}{In time}{subsection.4.2}% 23
\BOOKMARK [3][]{subsubsection.4.2.2}{In space}{subsection.4.2}% 24
\BOOKMARK [3][]{subsubsection.4.2.3}{In social aspects}{subsection.4.2}% 25
\BOOKMARK [2][]{subsection.4.3}{Data set description}{section.4}% 26
\BOOKMARK [2][]{subsection.4.4}{User check-in rule analysis }{section.4}% 27
\BOOKMARK [3][]{subsubsection.4.4.1}{User friend number distribution }{subsection.4.4}% 28
\BOOKMARK [3][]{subsubsection.4.4.2}{User check-in times distribution.}{subsection.4.4}% 29
\BOOKMARK [3][]{subsubsection.4.4.3}{User check-in location distribution}{subsection.4.4}% 30
\BOOKMARK [3][]{subsubsection.4.4.4}{The coordinate figure}{subsection.4.4}% 31
\BOOKMARK [3][]{subsubsection.4.4.5}{User movement cycle analysis }{subsection.4.4}% 32
\BOOKMARK [3][]{subsubsection.4.4.6}{ The summary of this chapter }{subsection.4.4}% 33
\BOOKMARK [1][]{section.5}{Solution of question 3 }{}% 34
\BOOKMARK [2][]{subsection.5.1}{Question analysis}{section.5}% 35
\BOOKMARK [2][]{subsection.5.2}{Friends network}{section.5}% 36
\BOOKMARK [3][]{subsubsection.5.2.1}{Theoretical basis}{subsection.5.2}% 37
\BOOKMARK [2][]{subsection.5.3}{ The relationship between friends and geographical location}{section.5}% 38
\BOOKMARK [3][]{subsubsection.5.3.1}{Co-check-in of users}{subsection.5.3}% 39
\BOOKMARK [3][]{subsubsection.5.3.2}{Variable-scale regional network division}{subsection.5.3}% 40
\BOOKMARK [3][]{subsubsection.5.3.3}{Prediction of friendship based on the number of co-check-in zones}{subsection.5.3}% 41
\BOOKMARK [1][]{section.6}{Reference}{}% 42
\BOOKMARK [1][]{section.7}{Strengths and weaknesses}{}% 43
\BOOKMARK [2][]{subsection.7.1}{Strengths}{section.7}% 44
\BOOKMARK [2][]{subsection.7.2}{Weaknesses}{section.7}% 45
\BOOKMARK [1][]{section.8}{Conclusions}{}% 46
\BOOKMARK [1][]{section*.2}{Appendices}{}% 47
\BOOKMARK [1][]{Appendix.a.A}{Appendix Second appendix}{}% 48
